
<?xml version="1.0" encoding="UTF-8" ?>
<testsuites name="vitest tests" tests="20" failures="0" errors="0" time="3.127">
    <testsuite name="src/components/Button.test.tsx" timestamp="2025-11-14T15:01:43.471Z" hostname="Trezeguit" tests="5" failures="0" errors="0" skipped="0" time="0.244">
        <testcase classname="src/components/Button.test.tsx" name="Button Component &gt; renders button with label" time="0.032">
        </testcase>
        <testcase classname="src/components/Button.test.tsx" name="Button Component &gt; calls onClick handler when clicked" time="0.129">
        </testcase>
        <testcase classname="src/components/Button.test.tsx" name="Button Component &gt; can be disabled" time="0.005">
        </testcase>
        <testcase classname="src/components/Button.test.tsx" name="Button Component &gt; is not disabled by default" time="0.003">
        </testcase>
        <testcase classname="src/components/Button.test.tsx" name="Button Component &gt; does not call onClick when disabled" time="0.073">
        </testcase>
    </testsuite>
    <testsuite name="src/components/Card.test.tsx" timestamp="2025-11-14T15:01:43.473Z" hostname="Trezeguit" tests="5" failures="0" errors="0" skipped="0" time="0.066">
        <testcase classname="src/components/Card.test.tsx" name="Card Component &gt; renders card with title and description" time="0.038">
        </testcase>
        <testcase classname="src/components/Card.test.tsx" name="Card Component &gt; renders card element" time="0.006">
        </testcase>
        <testcase classname="src/components/Card.test.tsx" name="Card Component &gt; renders children when provided" time="0.01">
        </testcase>
        <testcase classname="src/components/Card.test.tsx" name="Card Component &gt; does not render children container when no children provided" time="0.003">
        </testcase>
        <testcase classname="src/components/Card.test.tsx" name="Card Component &gt; handles multiple children correctly" time="0.008">
        </testcase>
    </testsuite>
    <testsuite name="src/components/Counter.test.tsx" timestamp="2025-11-14T15:01:43.474Z" hostname="Trezeguit" tests="7" failures="0" errors="0" skipped="0" time="1.355">
        <testcase classname="src/components/Counter.test.tsx" name="Counter Component &gt; renders counter with initial value of 0" time="0.034">
        </testcase>
        <testcase classname="src/components/Counter.test.tsx" name="Counter Component &gt; increments count when increment button is clicked" time="0.132">
        </testcase>
        <testcase classname="src/components/Counter.test.tsx" name="Counter Component &gt; decrements count when decrement button is clicked" time="0.284">
        </testcase>
        <testcase classname="src/components/Counter.test.tsx" name="Counter Component &gt; resets count to 0 when reset button is clicked" time="0.344">
        </testcase>
        <testcase classname="src/components/Counter.test.tsx" name="Counter Component &gt; increments multiple times" time="0.391">
        </testcase>
        <testcase classname="src/components/Counter.test.tsx" name="Counter Component &gt; handles negative counts" time="0.156">
        </testcase>
        <testcase classname="src/components/Counter.test.tsx" name="Counter Component &gt; renders all buttons" time="0.012">
        </testcase>
    </testsuite>
    <testsuite name="src/components/Header.test.tsx" timestamp="2025-11-14T15:01:43.475Z" hostname="Trezeguit" tests="3" failures="0" errors="0" skipped="0" time="0.114">
        <testcase classname="src/components/Header.test.tsx" name="Header Component &gt; renders header with correct title" time="0.035">
        </testcase>
        <testcase classname="src/components/Header.test.tsx" name="Header Component &gt; renders header element" time="0.073">
        </testcase>
        <testcase classname="src/components/Header.test.tsx" name="Header Component &gt; displays title correctly" time="0.005">
        </testcase>
    </testsuite>
</testsuites>
